// Jest Snapshot v1, https://goo.gl/fbAQLP

exports[`My companies dashboard should match the snapshot 1`] = `
"<Provider mockInitialState={{...}}>
  <MyCompaniesTile>
    <DashboardSection heading=\\"My Companies\\" headingSlotComponent={{...}} subHeading={{...}} showSubHeading={false}>
      <styled.div>
        <StyledComponent forwardedComponent={{...}} forwardedRef={{...}}>
          <div className=\\"sc-bZQynM jWAMqS\\">
            <styled.div>
              <StyledComponent forwardedComponent={{...}} forwardedRef={{...}}>
                <div className=\\"sc-gzVnrw bgOKEQ\\">
                  <Heading>
                    <styled.h2>
                      <StyledComponent forwardedComponent={{...}} forwardedRef={{...}}>
                        <h2 className=\\"sc-ifAKCX exySjG\\">
                          My Companies
                        </h2>
                      </StyledComponent>
                    </styled.h2>
                  </Heading>
                  <div>
                    <MyCompaniesFilters>
                      <styled.div>
                        <StyledComponent forwardedComponent={{...}} forwardedRef={{...}}>
                          <div className=\\"sc-fjdhpX gddroE\\">
                            <styled.input type=\\"text\\" placeholder=\\"Search list\\" onChange={[Function: handleInputChange]} value=\\"\\">
                              <StyledComponent type=\\"text\\" placeholder=\\"Search list\\" onChange={[Function: handleInputChange]} value=\\"\\" forwardedComponent={{...}} forwardedRef={{...}}>
                                <input type=\\"text\\" placeholder=\\"Search list\\" onChange={[Function: handleInputChange]} value=\\"\\" className=\\"sc-jzJRlG gcHaUj\\" />
                              </StyledComponent>
                            </styled.input>
                            <Styled(LabelText)>
                              <StyledComponent forwardedComponent={{...}} forwardedRef={{...}}>
                                <LabelText className=\\"sc-jTzLTM fpHQWJ\\">
                                  <styled.span className=\\"sc-jTzLTM fpHQWJ\\">
                                    <StyledComponent className=\\"sc-jTzLTM fpHQWJ\\" forwardedComponent={{...}} forwardedRef={{...}}>
                                      <span className=\\"sc-jTzLTM fpHQWJ sc-dnqmqq ePgwDj\\">
                                        Sort By:
                                         
                                        <Styled(styled.select) onChange={[Function: handleSelectChange]} value=\\"recent\\">
                                          <StyledComponent onChange={[Function: handleSelectChange]} value=\\"recent\\" forwardedComponent={{...}} forwardedRef={{...}}>
                                            <select onChange={[Function: handleSelectChange]} value=\\"recent\\" className=\\"sc-gqjmRU sc-VigVT hsuviU\\">
                                              <option value=\\"recent\\">
                                                Recent interaction
                                              </option>
                                              <option value=\\"least-recent\\">
                                                Least recent interaction
                                              </option>
                                              <option value=\\"alphabetical\\">
                                                Company name A-Z
                                              </option>
                                            </select>
                                          </StyledComponent>
                                        </Styled(styled.select)>
                                      </span>
                                    </StyledComponent>
                                  </styled.span>
                                </LabelText>
                              </StyledComponent>
                            </Styled(LabelText)>
                          </div>
                        </StyledComponent>
                      </styled.div>
                    </MyCompaniesFilters>
                  </div>
                </div>
              </StyledComponent>
            </styled.div>
            <MyCompaniesTable>
              <Table head={{...}} body={[undefined]} caption={[undefined]}>
                <styled.table>
                  <StyledComponent forwardedComponent={{...}} forwardedRef={{...}}>
                    <table className=\\"sc-kpOJdX cVTche\\">
                      <styled.thead>
                        <StyledComponent forwardedComponent={{...}} forwardedRef={{...}}>
                          <thead className=\\"sc-cSHVUG CAuLq\\">
                            <styled.tr>
                              <StyledComponent forwardedComponent={{...}} forwardedRef={{...}}>
                                <tr className=\\"sc-kGXeez eIIwaK\\">
                                  <Styled(CellHeader)>
                                    <StyledComponent forwardedComponent={{...}} forwardedRef={{...}}>
                                      <CellHeader className=\\"sc-ckVGcZ dMdyDD\\">
                                        <styled.td as=\\"th\\" bold={true} isHeader={true} className=\\"sc-ckVGcZ dMdyDD\\">
                                          <StyledComponent as=\\"th\\" bold={true} isHeader={true} className=\\"sc-ckVGcZ dMdyDD\\" forwardedComponent={{...}} forwardedRef={{...}}>
                                            <th className=\\"sc-ckVGcZ dMdyDD sc-kgoBCf keavxo\\">
                                              Company name
                                            </th>
                                          </StyledComponent>
                                        </styled.td>
                                      </CellHeader>
                                    </StyledComponent>
                                  </Styled(CellHeader)>
                                  <Styled(CellHeader)>
                                    <StyledComponent forwardedComponent={{...}} forwardedRef={{...}}>
                                      <CellHeader className=\\"sc-ckVGcZ dMdyDD\\">
                                        <styled.td as=\\"th\\" bold={true} isHeader={true} className=\\"sc-ckVGcZ dMdyDD\\">
                                          <StyledComponent as=\\"th\\" bold={true} isHeader={true} className=\\"sc-ckVGcZ dMdyDD\\" forwardedComponent={{...}} forwardedRef={{...}}>
                                            <th className=\\"sc-ckVGcZ dMdyDD sc-kgoBCf keavxo\\">
                                              Last interaction
                                            </th>
                                          </StyledComponent>
                                        </styled.td>
                                      </CellHeader>
                                    </StyledComponent>
                                  </Styled(CellHeader)>
                                  <Styled(CellHeader)>
                                    <StyledComponent forwardedComponent={{...}} forwardedRef={{...}}>
                                      <CellHeader className=\\"sc-ckVGcZ dMdyDD\\">
                                        <styled.td as=\\"th\\" bold={true} isHeader={true} className=\\"sc-ckVGcZ dMdyDD\\">
                                          <StyledComponent as=\\"th\\" bold={true} isHeader={true} className=\\"sc-ckVGcZ dMdyDD\\" forwardedComponent={{...}} forwardedRef={{...}}>
                                            <th className=\\"sc-ckVGcZ dMdyDD sc-kgoBCf keavxo\\">
                                               
                                            </th>
                                          </StyledComponent>
                                        </styled.td>
                                      </CellHeader>
                                    </StyledComponent>
                                  </Styled(CellHeader)>
                                </tr>
                              </StyledComponent>
                            </styled.tr>
                          </thead>
                        </StyledComponent>
                      </styled.thead>
                      <styled.tbody>
                        <StyledComponent forwardedComponent={{...}} forwardedRef={{...}}>
                          <tbody className=\\"sc-kAzzGY jHprQs\\">
                            <styled.tr>
                              <StyledComponent forwardedComponent={{...}} forwardedRef={{...}}>
                                <tr className=\\"sc-kGXeez eIIwaK\\">
                                  <styled.td>
                                    <StyledComponent forwardedComponent={{...}} forwardedRef={{...}}>
                                      <td className=\\"sc-kgoBCf hYhUur\\">
                                        <styled.a href=\\"companies/a1138c1c-d449-4846-aa58-18fae7e1cb92\\" muted={false} textColour={false} noVisitedState={false}>
                                          <StyledComponent href=\\"companies/a1138c1c-d449-4846-aa58-18fae7e1cb92\\" muted={false} textColour={false} noVisitedState={false} forwardedComponent={{...}} forwardedRef={{...}}>
                                            <a href=\\"companies/a1138c1c-d449-4846-aa58-18fae7e1cb92\\" muted={false} className=\\"sc-dxgOiQ fnwTQd\\">
                                              <LinesEllipsis text=\\"A1 BMW LTD!!!!!\\" maxLine=\\"2\\" ellipsis=\\"...\\" trimRight={true} basedOn=\\"words\\" className=\\"\\" component=\\"div\\" onReflow={[Function: onReflow]} winWidth={[undefined]}>
                                                <div className=\\"LinesEllipsis  \\">
                                                  A1 BMW LTD!!!!!
                                                  <wbr />
                                                </div>
                                              </LinesEllipsis>
                                            </a>
                                          </StyledComponent>
                                        </styled.a>
                                      </td>
                                    </StyledComponent>
                                  </styled.td>
                                  <Styled(styled.td)>
                                    <StyledComponent forwardedComponent={{...}} forwardedRef={{...}}>
                                      <td className=\\"sc-kgoBCf sc-jKJlTe gHUHyr\\">
                                        14 Aug 19
                                      </td>
                                    </StyledComponent>
                                  </Styled(styled.td)>
                                  <styled.td>
                                    <StyledComponent forwardedComponent={{...}} forwardedRef={{...}}>
                                      <td className=\\"sc-kgoBCf hYhUur\\">
                                        <styled.a href=\\"interactions/79d92719-7402-45b6-b3d7-eff559d6b282\\" muted={false} textColour={false} noVisitedState={false}>
                                          <StyledComponent href=\\"interactions/79d92719-7402-45b6-b3d7-eff559d6b282\\" muted={false} textColour={false} noVisitedState={false} forwardedComponent={{...}} forwardedRef={{...}}>
                                            <a href=\\"interactions/79d92719-7402-45b6-b3d7-eff559d6b282\\" muted={false} className=\\"sc-dxgOiQ fnwTQd\\">
                                              <LinesEllipsis text=\\"Here is a long interaction title some more text some more text some more text almost finished some more text nearly there more text finished\\" maxLine=\\"2\\" ellipsis=\\"...\\" trimRight={true} basedOn=\\"words\\" className=\\"\\" component=\\"div\\" onReflow={[Function: onReflow]} winWidth={[undefined]}>
                                                <div className=\\"LinesEllipsis  \\">
                                                  Here is a long interaction title some more text some more text some more text almost finished some more text nearly there more text finished
                                                  <wbr />
                                                </div>
                                              </LinesEllipsis>
                                            </a>
                                          </StyledComponent>
                                        </styled.a>
                                      </td>
                                    </StyledComponent>
                                  </styled.td>
                                </tr>
                              </StyledComponent>
                            </styled.tr>
                            <styled.tr>
                              <StyledComponent forwardedComponent={{...}} forwardedRef={{...}}>
                                <tr className=\\"sc-kGXeez eIIwaK\\">
                                  <styled.td>
                                    <StyledComponent forwardedComponent={{...}} forwardedRef={{...}}>
                                      <td className=\\"sc-kgoBCf hYhUur\\">
                                        <styled.a href=\\"companies/a30b1db3-7140-44ca-ad7a-9824c3c2ed56\\" muted={false} textColour={false} noVisitedState={false}>
                                          <StyledComponent href=\\"companies/a30b1db3-7140-44ca-ad7a-9824c3c2ed56\\" muted={false} textColour={false} noVisitedState={false} forwardedComponent={{...}} forwardedRef={{...}}>
                                            <a href=\\"companies/a30b1db3-7140-44ca-ad7a-9824c3c2ed56\\" muted={false} className=\\"sc-dxgOiQ fnwTQd\\">
                                              <LinesEllipsis text=\\"Portable Potatoes\\" maxLine=\\"2\\" ellipsis=\\"...\\" trimRight={true} basedOn=\\"words\\" className=\\"\\" component=\\"div\\" onReflow={[Function: onReflow]} winWidth={[undefined]}>
                                                <div className=\\"LinesEllipsis  \\">
                                                  Portable Potatoes
                                                  <wbr />
                                                </div>
                                              </LinesEllipsis>
                                            </a>
                                          </StyledComponent>
                                        </styled.a>
                                      </td>
                                    </StyledComponent>
                                  </styled.td>
                                  <Styled(styled.td)>
                                    <StyledComponent forwardedComponent={{...}} forwardedRef={{...}}>
                                      <td className=\\"sc-kgoBCf sc-jKJlTe gHUHyr\\">
                                        -
                                      </td>
                                    </StyledComponent>
                                  </Styled(styled.td)>
                                  <styled.td>
                                    <StyledComponent forwardedComponent={{...}} forwardedRef={{...}}>
                                      <td className=\\"sc-kgoBCf hYhUur\\">
                                        No interactions have been recorded
                                      </td>
                                    </StyledComponent>
                                  </styled.td>
                                </tr>
                              </StyledComponent>
                            </styled.tr>
                            <styled.tr>
                              <StyledComponent forwardedComponent={{...}} forwardedRef={{...}}>
                                <tr className=\\"sc-kGXeez eIIwaK\\">
                                  <styled.td>
                                    <StyledComponent forwardedComponent={{...}} forwardedRef={{...}}>
                                      <td className=\\"sc-kgoBCf hYhUur\\">
                                        <styled.a href=\\"companies/b89b1db3-7140-44ca-ad7a-9824c3c2gh74\\" muted={false} textColour={false} noVisitedState={false}>
                                          <StyledComponent href=\\"companies/b89b1db3-7140-44ca-ad7a-9824c3c2gh74\\" muted={false} textColour={false} noVisitedState={false} forwardedComponent={{...}} forwardedRef={{...}}>
                                            <a href=\\"companies/b89b1db3-7140-44ca-ad7a-9824c3c2gh74\\" muted={false} className=\\"sc-dxgOiQ fnwTQd\\">
                                              <LinesEllipsis text=\\"Zebra clothing\\" maxLine=\\"2\\" ellipsis=\\"...\\" trimRight={true} basedOn=\\"words\\" className=\\"\\" component=\\"div\\" onReflow={[Function: onReflow]} winWidth={[undefined]}>
                                                <div className=\\"LinesEllipsis  \\">
                                                  Zebra clothing
                                                  <wbr />
                                                </div>
                                              </LinesEllipsis>
                                            </a>
                                          </StyledComponent>
                                        </styled.a>
                                      </td>
                                    </StyledComponent>
                                  </styled.td>
                                  <Styled(styled.td)>
                                    <StyledComponent forwardedComponent={{...}} forwardedRef={{...}}>
                                      <td className=\\"sc-kgoBCf sc-jKJlTe gHUHyr\\">
                                        21 Feb 2019
                                      </td>
                                    </StyledComponent>
                                  </Styled(styled.td)>
                                  <styled.td>
                                    <StyledComponent forwardedComponent={{...}} forwardedRef={{...}}>
                                      <td className=\\"sc-kgoBCf hYhUur\\">
                                        <styled.a href=\\"interactions/86f92719-7402-45b6-b3d7-eff559d6b678\\" muted={false} textColour={false} noVisitedState={false}>
                                          <StyledComponent href=\\"interactions/86f92719-7402-45b6-b3d7-eff559d6b678\\" muted={false} textColour={false} noVisitedState={false} forwardedComponent={{...}} forwardedRef={{...}}>
                                            <a href=\\"interactions/86f92719-7402-45b6-b3d7-eff559d6b678\\" muted={false} className=\\"sc-dxgOiQ fnwTQd\\">
                                              <LinesEllipsis text=\\"Lorem ipsum dolor sit amet, consectetur adipiscing elit, sed do eiusmod tempor incididunt ut labore et dolore magna aliqua.\\" maxLine=\\"2\\" ellipsis=\\"...\\" trimRight={true} basedOn=\\"words\\" className=\\"\\" component=\\"div\\" onReflow={[Function: onReflow]} winWidth={[undefined]}>
                                                <div className=\\"LinesEllipsis  \\">
                                                  Lorem ipsum dolor sit amet, consectetur adipiscing elit, sed do eiusmod tempor incididunt ut labore et dolore magna aliqua.
                                                  <wbr />
                                                </div>
                                              </LinesEllipsis>
                                            </a>
                                          </StyledComponent>
                                        </styled.a>
                                      </td>
                                    </StyledComponent>
                                  </styled.td>
                                </tr>
                              </StyledComponent>
                            </styled.tr>
                          </tbody>
                        </StyledComponent>
                      </styled.tbody>
                    </table>
                  </StyledComponent>
                </styled.table>
              </Table>
            </MyCompaniesTable>
             
            <HelpText>
              <Details summary=\\"How do I remove a company from this list\\" open={false}>
                <styled.details open={false}>
                  <StyledComponent open={false} forwardedComponent={{...}} forwardedRef={{...}}>
                    <details open={false} className=\\"sc-bdVaJa iqCPbC\\">
                      <styled.summary>
                        <StyledComponent forwardedComponent={{...}} forwardedRef={{...}}>
                          <summary className=\\"sc-bwzfXH hGNYy\\">
                            <styled.span>
                              <StyledComponent forwardedComponent={{...}} forwardedRef={{...}}>
                                <span className=\\"sc-htpNat kqNahC\\">
                                  How do I remove a company from this list
                                </span>
                              </StyledComponent>
                            </styled.span>
                          </summary>
                        </StyledComponent>
                      </styled.summary>
                      <styled.div>
                        <StyledComponent forwardedComponent={{...}} forwardedRef={{...}}>
                          <div className=\\"sc-bxivhb gOhmLO\\">
                            You can remove a company from your list in the company&#39;s page.
                          </div>
                        </StyledComponent>
                      </styled.div>
                    </details>
                  </StyledComponent>
                </styled.details>
              </Details>
            </HelpText>
          </div>
        </StyledComponent>
      </styled.div>
    </DashboardSection>
  </MyCompaniesTile>
</Provider>"
`;
