// Jest Snapshot v1, https://goo.gl/fbAQLP

exports[`MyCompaniesFilters renders company filters 1`] = `
"<Provider>
  <MyCompaniesFilters>
    <styled.div>
      <StyledComponent forwardedComponent={{...}} forwardedRef={{...}}>
        <div className=\\"sc-gzVnrw ksvrPZ\\">
          <styled.input type=\\"text\\" placeholder=\\"Search list\\" onChange={[Function: handleInputChange]} value=\\"\\">
            <StyledComponent type=\\"text\\" placeholder=\\"Search list\\" onChange={[Function: handleInputChange]} value=\\"\\" forwardedComponent={{...}} forwardedRef={{...}}>
              <input type=\\"text\\" placeholder=\\"Search list\\" onChange={[Function: handleInputChange]} value=\\"\\" className=\\"sc-htoDjs kyDyMB\\" />
            </StyledComponent>
          </styled.input>
          <Styled(LabelText)>
            <StyledComponent forwardedComponent={{...}} forwardedRef={{...}}>
              <LabelText className=\\"sc-bZQynM kxBMOH\\">
                <styled.span className=\\"sc-bZQynM kxBMOH\\">
                  <StyledComponent className=\\"sc-bZQynM kxBMOH\\" forwardedComponent={{...}} forwardedRef={{...}}>
                    <span className=\\"sc-bZQynM kxBMOH sc-bwzfXH lbxcXc\\">
                      Sort By:
                       
                      <Styled(styled.select) onChange={[Function: handleSelectChange]} value=\\"recent\\">
                        <StyledComponent onChange={[Function: handleSelectChange]} value=\\"recent\\" forwardedComponent={{...}} forwardedRef={{...}}>
                          <select onChange={[Function: handleSelectChange]} value=\\"recent\\" className=\\"sc-ifAKCX sc-EHOje aZems\\">
                            <option value=\\"recent\\">
                              Recent interaction
                            </option>
                            <option value=\\"least-recent\\">
                              Least recent interaction
                            </option>
                            <option value=\\"alphabetical\\">
                              Company name A-Z
                            </option>
                          </select>
                        </StyledComponent>
                      </Styled(styled.select)>
                    </span>
                  </StyledComponent>
                </styled.span>
              </LabelText>
            </StyledComponent>
          </Styled(LabelText)>
        </div>
      </StyledComponent>
    </styled.div>
  </MyCompaniesFilters>
</Provider>"
`;
