// Jest Snapshot v1, https://goo.gl/fbAQLP

exports[`ActivityFeedApp fetches activity feed 1`] = `
Object {
  "activities": Array [
    Object {
      "generator": Object {
        "name": "dit:dataHub",
        "type": "Application",
      },
      "id": 99,
      "object": Object {
        "attributedTo": Array [
          Object {
            "dit:companiesHouseNumber": "987654321",
            "dit:dunsNumber": "123456789",
            "id": "dit:DataHubCompany:a4ead59f-dfc8-e511-a5e6-e4115bead28a",
            "name": "Marco Test",
            "type": Array [
              "Organization",
              "dit:Company",
            ],
          },
          Object {
            "dit:emailAddress": "john@example.com",
            "id": "dit:DataHubContact:04cadecd-2de4-4cda-9fda-59db93495dba",
            "name": "John Doe",
            "type": Array [
              "Person",
              "dit:Contact",
            ],
          },
          Object {
            "dit:emailAddress": "mariobros@dit.com",
            "dit:team": Object {
              "id": "dit:DataHubTeam:3a48318c-9698-e211-a939-e4115bead28a",
              "name": "Digital Data Hub - Live Service",
              "type": Array [
                "Group",
                "dit:Team",
              ],
            },
            "id": "dit:DataHubAdviser:2dc3c098-2f51-43c5-8767-752e8e5065b5",
            "name": "Mario Bros",
            "type": Array [
              "Person",
              "dit:Adviser",
            ],
          },
        ],
        "dit:archived": false,
        "dit:communicationChannel": Object {
          "name": "Email/Website",
        },
        "dit:service": Object {
          "name": "Account Management",
        },
        "dit:status": "complete",
        "dit:subject": "Invited to Technology Roundtable 99",
        "id": "dit:DataHubInteraction:a066cc49-b679-4cbe-93c5-3ceba2f067ec",
        "startTime": "2019-05-02T08:43:40.904649+00:00",
        "type": Array [
          "dit:Event",
          "dit:Interaction",
        ],
        "url": "https://example.com/companies/a4ead59f-dfc8-e511-a5e6-e4115bead28a/interactions/a066cc49-b679-4cbe-93c5-3ceba2f067ec",
      },
      "published": "2019-08-10T09:43:40.904+01:00",
      "type": "Announce",
    },
    Object {
      "generator": Object {
        "name": "dit:dataHub",
        "type": "Application",
      },
      "id": 98,
      "object": Object {
        "attributedTo": Array [
          Object {
            "dit:companiesHouseNumber": "987654321",
            "dit:dunsNumber": "123456789",
            "id": "dit:DataHubCompany:a4ead59f-dfc8-e511-a5e6-e4115bead28a",
            "name": "Marco Test",
            "type": Array [
              "Organization",
              "dit:Company",
            ],
          },
          Object {
            "dit:emailAddress": "john@example.com",
            "id": "dit:DataHubContact:04cadecd-2de4-4cda-9fda-59db93495dba",
            "name": "John Doe",
            "type": Array [
              "Person",
              "dit:Contact",
            ],
          },
          Object {
            "dit:emailAddress": "mariobros@dit.com",
            "dit:team": Object {
              "id": "dit:DataHubTeam:3a48318c-9698-e211-a939-e4115bead28a",
              "name": "Digital Data Hub - Live Service",
              "type": Array [
                "Group",
                "dit:Team",
              ],
            },
            "id": "dit:DataHubAdviser:2dc3c098-2f51-43c5-8767-752e8e5065b5",
            "name": "Mario Bros",
            "type": Array [
              "Person",
              "dit:Adviser",
            ],
          },
        ],
        "dit:archived": false,
        "dit:communicationChannel": Object {
          "name": "Email/Website",
        },
        "dit:service": Object {
          "name": "Account Management",
        },
        "dit:status": "complete",
        "dit:subject": "Invited to Technology Roundtable 98",
        "id": "dit:DataHubInteraction:a066cc49-b679-4cbe-93c5-3ceba2f067ec",
        "startTime": "2019-05-02T08:43:40.904649+00:00",
        "type": Array [
          "dit:Event",
          "dit:Interaction",
        ],
        "url": "https://example.com/companies/a4ead59f-dfc8-e511-a5e6-e4115bead28a/interactions/a066cc49-b679-4cbe-93c5-3ceba2f067ec",
      },
      "published": "2019-08-09T09:43:40.904+01:00",
      "type": "Announce",
    },
    Object {
      "generator": Object {
        "name": "dit:dataHub",
        "type": "Application",
      },
      "id": 97,
      "object": Object {
        "attributedTo": Array [
          Object {
            "dit:companiesHouseNumber": "987654321",
            "dit:dunsNumber": "123456789",
            "id": "dit:DataHubCompany:a4ead59f-dfc8-e511-a5e6-e4115bead28a",
            "name": "Marco Test",
            "type": Array [
              "Organization",
              "dit:Company",
            ],
          },
          Object {
            "dit:emailAddress": "john@example.com",
            "id": "dit:DataHubContact:04cadecd-2de4-4cda-9fda-59db93495dba",
            "name": "John Doe",
            "type": Array [
              "Person",
              "dit:Contact",
            ],
          },
          Object {
            "dit:emailAddress": "mariobros@dit.com",
            "dit:team": Object {
              "id": "dit:DataHubTeam:3a48318c-9698-e211-a939-e4115bead28a",
              "name": "Digital Data Hub - Live Service",
              "type": Array [
                "Group",
                "dit:Team",
              ],
            },
            "id": "dit:DataHubAdviser:2dc3c098-2f51-43c5-8767-752e8e5065b5",
            "name": "Mario Bros",
            "type": Array [
              "Person",
              "dit:Adviser",
            ],
          },
        ],
        "dit:archived": false,
        "dit:communicationChannel": Object {
          "name": "Email/Website",
        },
        "dit:service": Object {
          "name": "Account Management",
        },
        "dit:status": "complete",
        "dit:subject": "Invited to Technology Roundtable 97",
        "id": "dit:DataHubInteraction:a066cc49-b679-4cbe-93c5-3ceba2f067ec",
        "startTime": "2019-05-02T08:43:40.904649+00:00",
        "type": Array [
          "dit:Event",
          "dit:Interaction",
        ],
        "url": "https://example.com/companies/a4ead59f-dfc8-e511-a5e6-e4115bead28a/interactions/a066cc49-b679-4cbe-93c5-3ceba2f067ec",
      },
      "published": "2019-08-08T09:43:40.904+01:00",
      "type": "Announce",
    },
    Object {
      "generator": Object {
        "name": "dit:dataHub",
        "type": "Application",
      },
      "id": 96,
      "object": Object {
        "attributedTo": Array [
          Object {
            "dit:companiesHouseNumber": "987654321",
            "dit:dunsNumber": "123456789",
            "id": "dit:DataHubCompany:a4ead59f-dfc8-e511-a5e6-e4115bead28a",
            "name": "Marco Test",
            "type": Array [
              "Organization",
              "dit:Company",
            ],
          },
          Object {
            "dit:emailAddress": "john@example.com",
            "id": "dit:DataHubContact:04cadecd-2de4-4cda-9fda-59db93495dba",
            "name": "John Doe",
            "type": Array [
              "Person",
              "dit:Contact",
            ],
          },
          Object {
            "dit:emailAddress": "mariobros@dit.com",
            "dit:team": Object {
              "id": "dit:DataHubTeam:3a48318c-9698-e211-a939-e4115bead28a",
              "name": "Digital Data Hub - Live Service",
              "type": Array [
                "Group",
                "dit:Team",
              ],
            },
            "id": "dit:DataHubAdviser:2dc3c098-2f51-43c5-8767-752e8e5065b5",
            "name": "Mario Bros",
            "type": Array [
              "Person",
              "dit:Adviser",
            ],
          },
        ],
        "dit:archived": false,
        "dit:communicationChannel": Object {
          "name": "Email/Website",
        },
        "dit:service": Object {
          "name": "Account Management",
        },
        "dit:status": "complete",
        "dit:subject": "Invited to Technology Roundtable 96",
        "id": "dit:DataHubInteraction:a066cc49-b679-4cbe-93c5-3ceba2f067ec",
        "startTime": "2019-05-02T08:43:40.904649+00:00",
        "type": Array [
          "dit:Event",
          "dit:Interaction",
        ],
        "url": "https://example.com/companies/a4ead59f-dfc8-e511-a5e6-e4115bead28a/interactions/a066cc49-b679-4cbe-93c5-3ceba2f067ec",
      },
      "published": "2019-08-07T09:43:40.904+01:00",
      "type": "Announce",
    },
    Object {
      "generator": Object {
        "name": "dit:dataHub",
        "type": "Application",
      },
      "id": 95,
      "object": Object {
        "attributedTo": Array [
          Object {
            "dit:companiesHouseNumber": "987654321",
            "dit:dunsNumber": "123456789",
            "id": "dit:DataHubCompany:a4ead59f-dfc8-e511-a5e6-e4115bead28a",
            "name": "Marco Test",
            "type": Array [
              "Organization",
              "dit:Company",
            ],
          },
          Object {
            "dit:emailAddress": "john@example.com",
            "id": "dit:DataHubContact:04cadecd-2de4-4cda-9fda-59db93495dba",
            "name": "John Doe",
            "type": Array [
              "Person",
              "dit:Contact",
            ],
          },
          Object {
            "dit:emailAddress": "mariobros@dit.com",
            "dit:team": Object {
              "id": "dit:DataHubTeam:3a48318c-9698-e211-a939-e4115bead28a",
              "name": "Digital Data Hub - Live Service",
              "type": Array [
                "Group",
                "dit:Team",
              ],
            },
            "id": "dit:DataHubAdviser:2dc3c098-2f51-43c5-8767-752e8e5065b5",
            "name": "Mario Bros",
            "type": Array [
              "Person",
              "dit:Adviser",
            ],
          },
        ],
        "dit:archived": false,
        "dit:communicationChannel": Object {
          "name": "Email/Website",
        },
        "dit:service": Object {
          "name": "Account Management",
        },
        "dit:status": "complete",
        "dit:subject": "Invited to Technology Roundtable 95",
        "id": "dit:DataHubInteraction:a066cc49-b679-4cbe-93c5-3ceba2f067ec",
        "startTime": "2019-05-02T08:43:40.904649+00:00",
        "type": Array [
          "dit:Event",
          "dit:Interaction",
        ],
        "url": "https://example.com/companies/a4ead59f-dfc8-e511-a5e6-e4115bead28a/interactions/a066cc49-b679-4cbe-93c5-3ceba2f067ec",
      },
      "published": "2019-08-06T09:43:40.904+01:00",
      "type": "Announce",
    },
  ],
  "error": false,
  "hasMore": true,
  "isLoading": false,
  "offset": 20,
  "total": 100,
}
`;

exports[`ActivityFeedApp renders activity feed 1`] = `
Object {
  "activities": Array [
    Object {
      "generator": Object {
        "name": "dit:dataHub",
        "type": "Application",
      },
      "id": 99,
      "object": Object {
        "attributedTo": Array [
          Object {
            "dit:companiesHouseNumber": "987654321",
            "dit:dunsNumber": "123456789",
            "id": "dit:DataHubCompany:a4ead59f-dfc8-e511-a5e6-e4115bead28a",
            "name": "Marco Test",
            "type": Array [
              "Organization",
              "dit:Company",
            ],
          },
          Object {
            "dit:emailAddress": "john@example.com",
            "id": "dit:DataHubContact:04cadecd-2de4-4cda-9fda-59db93495dba",
            "name": "John Doe",
            "type": Array [
              "Person",
              "dit:Contact",
            ],
          },
          Object {
            "dit:emailAddress": "mariobros@dit.com",
            "dit:team": Object {
              "id": "dit:DataHubTeam:3a48318c-9698-e211-a939-e4115bead28a",
              "name": "Digital Data Hub - Live Service",
              "type": Array [
                "Group",
                "dit:Team",
              ],
            },
            "id": "dit:DataHubAdviser:2dc3c098-2f51-43c5-8767-752e8e5065b5",
            "name": "Mario Bros",
            "type": Array [
              "Person",
              "dit:Adviser",
            ],
          },
        ],
        "dit:archived": false,
        "dit:communicationChannel": Object {
          "name": "Email/Website",
        },
        "dit:service": Object {
          "name": "Account Management",
        },
        "dit:status": "complete",
        "dit:subject": "Invited to Technology Roundtable 99",
        "id": "dit:DataHubInteraction:a066cc49-b679-4cbe-93c5-3ceba2f067ec",
        "startTime": "2019-05-02T08:43:40.904649+00:00",
        "type": Array [
          "dit:Event",
          "dit:Interaction",
        ],
        "url": "https://example.com/companies/a4ead59f-dfc8-e511-a5e6-e4115bead28a/interactions/a066cc49-b679-4cbe-93c5-3ceba2f067ec",
      },
      "published": "2019-08-10T09:43:40.904+01:00",
      "type": "Announce",
    },
    Object {
      "generator": Object {
        "name": "dit:dataHub",
        "type": "Application",
      },
      "id": 98,
      "object": Object {
        "attributedTo": Array [
          Object {
            "dit:companiesHouseNumber": "987654321",
            "dit:dunsNumber": "123456789",
            "id": "dit:DataHubCompany:a4ead59f-dfc8-e511-a5e6-e4115bead28a",
            "name": "Marco Test",
            "type": Array [
              "Organization",
              "dit:Company",
            ],
          },
          Object {
            "dit:emailAddress": "john@example.com",
            "id": "dit:DataHubContact:04cadecd-2de4-4cda-9fda-59db93495dba",
            "name": "John Doe",
            "type": Array [
              "Person",
              "dit:Contact",
            ],
          },
          Object {
            "dit:emailAddress": "mariobros@dit.com",
            "dit:team": Object {
              "id": "dit:DataHubTeam:3a48318c-9698-e211-a939-e4115bead28a",
              "name": "Digital Data Hub - Live Service",
              "type": Array [
                "Group",
                "dit:Team",
              ],
            },
            "id": "dit:DataHubAdviser:2dc3c098-2f51-43c5-8767-752e8e5065b5",
            "name": "Mario Bros",
            "type": Array [
              "Person",
              "dit:Adviser",
            ],
          },
        ],
        "dit:archived": false,
        "dit:communicationChannel": Object {
          "name": "Email/Website",
        },
        "dit:service": Object {
          "name": "Account Management",
        },
        "dit:status": "complete",
        "dit:subject": "Invited to Technology Roundtable 98",
        "id": "dit:DataHubInteraction:a066cc49-b679-4cbe-93c5-3ceba2f067ec",
        "startTime": "2019-05-02T08:43:40.904649+00:00",
        "type": Array [
          "dit:Event",
          "dit:Interaction",
        ],
        "url": "https://example.com/companies/a4ead59f-dfc8-e511-a5e6-e4115bead28a/interactions/a066cc49-b679-4cbe-93c5-3ceba2f067ec",
      },
      "published": "2019-08-09T09:43:40.904+01:00",
      "type": "Announce",
    },
    Object {
      "generator": Object {
        "name": "dit:dataHub",
        "type": "Application",
      },
      "id": 97,
      "object": Object {
        "attributedTo": Array [
          Object {
            "dit:companiesHouseNumber": "987654321",
            "dit:dunsNumber": "123456789",
            "id": "dit:DataHubCompany:a4ead59f-dfc8-e511-a5e6-e4115bead28a",
            "name": "Marco Test",
            "type": Array [
              "Organization",
              "dit:Company",
            ],
          },
          Object {
            "dit:emailAddress": "john@example.com",
            "id": "dit:DataHubContact:04cadecd-2de4-4cda-9fda-59db93495dba",
            "name": "John Doe",
            "type": Array [
              "Person",
              "dit:Contact",
            ],
          },
          Object {
            "dit:emailAddress": "mariobros@dit.com",
            "dit:team": Object {
              "id": "dit:DataHubTeam:3a48318c-9698-e211-a939-e4115bead28a",
              "name": "Digital Data Hub - Live Service",
              "type": Array [
                "Group",
                "dit:Team",
              ],
            },
            "id": "dit:DataHubAdviser:2dc3c098-2f51-43c5-8767-752e8e5065b5",
            "name": "Mario Bros",
            "type": Array [
              "Person",
              "dit:Adviser",
            ],
          },
        ],
        "dit:archived": false,
        "dit:communicationChannel": Object {
          "name": "Email/Website",
        },
        "dit:service": Object {
          "name": "Account Management",
        },
        "dit:status": "complete",
        "dit:subject": "Invited to Technology Roundtable 97",
        "id": "dit:DataHubInteraction:a066cc49-b679-4cbe-93c5-3ceba2f067ec",
        "startTime": "2019-05-02T08:43:40.904649+00:00",
        "type": Array [
          "dit:Event",
          "dit:Interaction",
        ],
        "url": "https://example.com/companies/a4ead59f-dfc8-e511-a5e6-e4115bead28a/interactions/a066cc49-b679-4cbe-93c5-3ceba2f067ec",
      },
      "published": "2019-08-08T09:43:40.904+01:00",
      "type": "Announce",
    },
    Object {
      "generator": Object {
        "name": "dit:dataHub",
        "type": "Application",
      },
      "id": 96,
      "object": Object {
        "attributedTo": Array [
          Object {
            "dit:companiesHouseNumber": "987654321",
            "dit:dunsNumber": "123456789",
            "id": "dit:DataHubCompany:a4ead59f-dfc8-e511-a5e6-e4115bead28a",
            "name": "Marco Test",
            "type": Array [
              "Organization",
              "dit:Company",
            ],
          },
          Object {
            "dit:emailAddress": "john@example.com",
            "id": "dit:DataHubContact:04cadecd-2de4-4cda-9fda-59db93495dba",
            "name": "John Doe",
            "type": Array [
              "Person",
              "dit:Contact",
            ],
          },
          Object {
            "dit:emailAddress": "mariobros@dit.com",
            "dit:team": Object {
              "id": "dit:DataHubTeam:3a48318c-9698-e211-a939-e4115bead28a",
              "name": "Digital Data Hub - Live Service",
              "type": Array [
                "Group",
                "dit:Team",
              ],
            },
            "id": "dit:DataHubAdviser:2dc3c098-2f51-43c5-8767-752e8e5065b5",
            "name": "Mario Bros",
            "type": Array [
              "Person",
              "dit:Adviser",
            ],
          },
        ],
        "dit:archived": false,
        "dit:communicationChannel": Object {
          "name": "Email/Website",
        },
        "dit:service": Object {
          "name": "Account Management",
        },
        "dit:status": "complete",
        "dit:subject": "Invited to Technology Roundtable 96",
        "id": "dit:DataHubInteraction:a066cc49-b679-4cbe-93c5-3ceba2f067ec",
        "startTime": "2019-05-02T08:43:40.904649+00:00",
        "type": Array [
          "dit:Event",
          "dit:Interaction",
        ],
        "url": "https://example.com/companies/a4ead59f-dfc8-e511-a5e6-e4115bead28a/interactions/a066cc49-b679-4cbe-93c5-3ceba2f067ec",
      },
      "published": "2019-08-07T09:43:40.904+01:00",
      "type": "Announce",
    },
    Object {
      "generator": Object {
        "name": "dit:dataHub",
        "type": "Application",
      },
      "id": 95,
      "object": Object {
        "attributedTo": Array [
          Object {
            "dit:companiesHouseNumber": "987654321",
            "dit:dunsNumber": "123456789",
            "id": "dit:DataHubCompany:a4ead59f-dfc8-e511-a5e6-e4115bead28a",
            "name": "Marco Test",
            "type": Array [
              "Organization",
              "dit:Company",
            ],
          },
          Object {
            "dit:emailAddress": "john@example.com",
            "id": "dit:DataHubContact:04cadecd-2de4-4cda-9fda-59db93495dba",
            "name": "John Doe",
            "type": Array [
              "Person",
              "dit:Contact",
            ],
          },
          Object {
            "dit:emailAddress": "mariobros@dit.com",
            "dit:team": Object {
              "id": "dit:DataHubTeam:3a48318c-9698-e211-a939-e4115bead28a",
              "name": "Digital Data Hub - Live Service",
              "type": Array [
                "Group",
                "dit:Team",
              ],
            },
            "id": "dit:DataHubAdviser:2dc3c098-2f51-43c5-8767-752e8e5065b5",
            "name": "Mario Bros",
            "type": Array [
              "Person",
              "dit:Adviser",
            ],
          },
        ],
        "dit:archived": false,
        "dit:communicationChannel": Object {
          "name": "Email/Website",
        },
        "dit:service": Object {
          "name": "Account Management",
        },
        "dit:status": "complete",
        "dit:subject": "Invited to Technology Roundtable 95",
        "id": "dit:DataHubInteraction:a066cc49-b679-4cbe-93c5-3ceba2f067ec",
        "startTime": "2019-05-02T08:43:40.904649+00:00",
        "type": Array [
          "dit:Event",
          "dit:Interaction",
        ],
        "url": "https://example.com/companies/a4ead59f-dfc8-e511-a5e6-e4115bead28a/interactions/a066cc49-b679-4cbe-93c5-3ceba2f067ec",
      },
      "published": "2019-08-06T09:43:40.904+01:00",
      "type": "Announce",
    },
  ],
  "error": false,
  "hasMore": true,
  "isLoading": false,
  "offset": 20,
  "total": 100,
}
`;
