// Jest Snapshot v1, https://goo.gl/fbAQLP

exports[`ActivityFeedFilters renders filters 1`] = `
<details
  className="sc-kEYyzF ihcnje"
  open={false}
  style={
    Object {
      "fontSize": "100%",
      "marginBottom": 0,
    }
  }
>
  <summary
    className="sc-kkGfuU cCdZFh"
  >
    <span
      className="sc-iAyFgw jRkIxn"
    >
      Filter and sort activity
    </span>
  </summary>
  <div
    className="sc-hSdWYo dfimje"
  >
    <form>
      <fieldset
        className="sc-gipzik eBgapt"
      >
        <legend
          className="sc-iRbamj eOWqGG"
        >
          Show me
        </legend>
        <div
          className="sc-hzDkRC hNOsPM"
        >
          <div
            className="sc-bRBYWo cfvpGy"
          >
            <div
              className="sc-Rmtcm fMfOqA"
            >
              <label
                className="sc-cSHVUG jqlwpQ"
              >
                <input
                  className="sc-kAzzGY gsGxQW"
                  type="checkbox"
                />
                <span
                  className="sc-chPdSV hLZCFS"
                >
                  My activity
                </span>
              </label>
              <label
                className="sc-cSHVUG jqlwpQ"
              >
                <input
                  className="sc-kAzzGY gsGxQW"
                  type="checkbox"
                />
                <span
                  className="sc-chPdSV hLZCFS"
                >
                  My team's activity
                </span>
              </label>
            </div>
          </div>
        </div>
      </fieldset>
    </form>
  </div>
</details>
`;
